Cross-check: timeout=30s, output=cross_check_v4.csv, real_networks=yes, d_count=4, d_step=1
Cell plan (d_count=4, d_step=1):
  3_blocks_sausage_3x3_kao.txt s=0 t=28 dist=10 → d ∈ {10, 11, 12, 13}
  4_blocks_sausage_3x3_kao.txt s=0 t=38 dist=14 → d ∈ {14, 15, 16, 17}
  5_blocks_sausage_3x3_kao.txt s=0 t=48 dist=18 → d ∈ {18, 19, 20, 21}
  6_blocks_sausage_3x3_kao.txt s=0 t=58 dist=22 → d ∈ {22, 23, 24, 25}
  K4_kao.txt s=0 t=1 dist=1 → d ∈ {1, 2, 3}
  Geant2004_kao.txt s=11 t=95 dist=6 → d ∈ {6, 7, 8, 9}
  IEEE-118-node_kao.txt s=86 t=111 dist=9 → d ∈ {9, 10, 11, 12}
  Geant2009_kao.txt s=107 t=264 dist=12 → d ∈ {12, 13, 14, 15}
  UPS_of_Russia_composed_with_colored_cut_vertices_kao.txt s=4 t=62 dist=17 → d ∈ {17, 18, 19, 20}
Total cells: 35
Cross-check: 9 (graph,s,t) groups × 6 methods (m0,m1,m2,m3,m4,m5) (tiered timeouts m0=60 m1=30 m2=120 m3=300 m4=300 m5=300s)
Per-(graph,method,d) isolated calls; methods iterate in reverse (m5..m0) within each cell.
[1/9] 3_blocks_sausage_3x3_kao.txt s=0 t=28 d ∈ {10, 11, 12, 13}
    m5 d=10: R=0.509826181948 (0.000s)
    m4 d=10: R=0.509826181948 (0.000s)
    m3 d=10: R=0.509826181948 (0.592s)
    m2 d=10: R=0.509826181949 (0.181s)
    m1 d=10: R=0.509826181949 (3.563s)
    m0 d=10: TIMEOUT (>60s)
    m5 d=11: R=0.819793714074 (0.324s)
    m4 d=11: R=0.819793714074 (0.011s)
    m3 d=11: R=0.819793714074 (0.585s)
    m2 d=11: R=0.819793714075 (0.468s)
    m1 d=11: R=0.819793714075 (6.924s)
    m0 d=11: TIMEOUT (>60s)
    m5 d=12: R=0.934403607311 (0.518s)
    m4 d=12: R=0.934403607311 (1.222s)
    m3 d=12: R=0.934403607311 (1.007s)
    m2 d=12: R=0.934403607313 (1.163s)
    m1 d=12: R=0.934403607313 (12.274s)
    m0 d=12: TIMEOUT (>60s)
    m5 d=13: R=0.959339550847 (0.818s)
    m4 d=13: R=0.959339550847 (123.072s)
    m3 d=13: R=0.959339550847 (1.033s)
    m2 d=13: R=0.959339550849 (1.612s)
    m1 d=13: R=0.959339550849 (16.947s)
    m0 d=13: TIMEOUT (>60s)
    [1/9 groups, elapsed=06:52, avg=412.4s/group, ETA=54:59]
[2/9] 4_blocks_sausage_3x3_kao.txt s=0 t=38 d ∈ {14, 15, 16, 17}
    m5 d=14: R=0.489090483798 (0.000s)
    m4 d=14: R=0.489090483798 (0.001s)
    m3 d=14: R=0.489090483798 (1.786s)
    m2 d=14: R=0.489090483799 (0.521s)
    m1 d=14: TIMEOUT (>30s)
    m0 d=14: TIMEOUT (>60s)
    m5 d=15: R=0.803143004289 (1.174s)
    m4 d=15: R=0.803143004289 (1.080s)
    m3 d=15: R=0.803143004289 (2.083s)
    m2 d=15: R=0.803143004292 (1.339s)
    m1 d=15: TIMEOUT (>30s)
    m0 d=15: TIMEOUT (>60s)
    m5 d=16: R=0.924565335478 (1.560s)
    m4 d=16: TIMEOUT (>300s)
    m3 d=16: R=0.924565335478 (1.846s)
    m2 d=16: R=0.924565335482 (2.235s)
    m1 d=16: TIMEOUT (>30s)
    m0 d=16: TIMEOUT (>60s)
    m5 d=17: R=0.953107508635 (1.470s)
    m4 d=17: TIMEOUT (>300s)
    m3 d=17: R=0.953107508635 (1.962s)
    m2 d=17: R=0.953107508640 (2.680s)
    m1 d=17: TIMEOUT (>30s)
    m0 d=17: TIMEOUT (>60s)
    [2/9 groups, elapsed=23:12, avg=696.1s/group, ETA=81:13]
[3/9] 5_blocks_sausage_3x3_kao.txt s=0 t=48 d ∈ {18, 19, 20, 21}
    m5 d=18: R=0.469198149901 (0.000s)
    m4 d=18: R=0.469198149901 (0.018s)
    m3 d=18: R=0.469198149901 (2.628s)
    m2 d=18: R=0.469198149903 (0.816s)
    m1 d=18: TIMEOUT (>30s)
    m0 d=18: TIMEOUT (>60s)
    m5 d=19: R=0.786490614460 (1.973s)
    m4 d=19: R=0.786490614460 (128.086s)
    m3 d=19: R=0.786490614460 (3.003s)
    m2 d=19: R=0.786490614464 (2.216s)
    m1 d=19: TIMEOUT (>30s)
    m0 d=19: TIMEOUT (>60s)
    m5 d=20: R=0.914528148193 (2.968s)
    m4 d=20: TIMEOUT (>300s)
    m3 d=20: R=0.914528148193 (3.380s)
    m2 d=20: R=0.914528148199 (4.070s)
    m1 d=20: TIMEOUT (>30s)
    m0 d=20: TIMEOUT (>60s)
    m5 d=21: R=0.946761009184 (2.479s)
    m4 d=21: TIMEOUT (>300s)
    m3 d=21: R=0.946761009184 (3.388s)
    m2 d=21: R=0.946761009191 (5.949s)
    m1 d=21: TIMEOUT (>30s)
    m0 d=21: TIMEOUT (>60s)
    [3/9 groups, elapsed=41:53, avg=837.8s/group, ETA=83:47]
[4/9] 6_blocks_sausage_3x3_kao.txt s=0 t=58 d ∈ {22, 23, 24, 25}
    m5 d=22: R=0.450114878870 (0.002s)
    m4 d=22: R=0.450114878870 (0.370s)
    m3 d=22: R=0.450114878870 (5.591s)
    m2 d=22: R=0.450114878872 (1.433s)
    m1 d=22: TIMEOUT (>30s)
    m0 d=22: TIMEOUT (>60s)
    m5 d=23: R=0.769864225173 (2.974s)
    m4 d=23: TIMEOUT (>300s)
    m3 d=23: R=0.769864225173 (4.968s)
    m2 d=23: R=0.769864225179 (4.774s)
    m1 d=23: TIMEOUT (>30s)
    m0 d=23: TIMEOUT (>60s)
    m5 d=24: R=0.904302273156 (4.993s)
    m4 d=24: TIMEOUT (>300s)
    m3 d=24: R=0.904302273156 (6.035s)
    m2 d=24: R=0.904302273165 (5.382s)
    m1 d=24: TIMEOUT (>30s)
    m0 d=24: TIMEOUT (>60s)
    m5 d=25: R=0.940298293689 (8.476s)
    m4 d=25: TIMEOUT (>300s)
    m3 d=25: R=0.940298293689 (7.391s)
    m2 d=25: R=0.940298293699 (8.855s)
    m1 d=25: TIMEOUT (>30s)
    m0 d=25: TIMEOUT (>60s)
    [4/9 groups, elapsed=63:55, avg=958.7s/group, ETA=79:54]
[5/9] K4_kao.txt s=0 t=1 d ∈ {1, 2, 3}
    m5 d=1: R=0.900000000000 (0.000s)
    m4 d=1: R=0.900000000000 (0.000s)
    m3 d=1: R=0.900000000000 (0.000s)
    m2 d=1: R=0.900000000000 (0.000s)
    m1 d=1: R=0.900000000000 (0.000s)
    m0 d=1: R=0.900000000000 (0.000s)
    m5 d=2: R=0.996390000000 (0.000s)
    m4 d=2: R=0.996390000000 (0.000s)
    m3 d=2: R=0.996390000000 (0.001s)
    m2 d=2: R=0.996390000000 (0.000s)
    m1 d=2: R=0.996390000000 (0.000s)
    m0 d=2: R=0.996390000000 (0.000s)
    m5 d=3: R=0.997848000000 (0.000s)
    m4 d=3: R=0.997848000000 (0.000s)
    m3 d=3: R=0.997848000000 (0.000s)
    m2 d=3: R=0.997848000000 (0.000s)
    m1 d=3: R=0.997848000000 (0.000s)
    m0 d=3: R=0.997848000000 (0.000s)
    [5/9 groups, elapsed=63:55, avg=767.0s/group, ETA=51:08]
[6/9] Geant2004_kao.txt s=11 t=95 d ∈ {6, 7, 8, 9}
    m5 d=6: R=0.632414790000 (0.000s)
    m4 d=6: R=0.632414790000 (0.000s)
    m3 d=6: R=0.632414790000 (0.014s)
    m2 d=6: R=0.632414790008 (33.209s)
    m1 d=6: TIMEOUT (>30s)
    m0 d=6: TIMEOUT (>60s)
    m5 d=7: R=0.699064984718 (0.001s)
    m4 d=7: R=0.699064984718 (0.000s)
    m3 d=7: R=0.699064984718 (0.020s)
    m2 d=7: R=0.699064984731 (91.828s)
    m1 d=7: TIMEOUT (>30s)
    m0 d=7: TIMEOUT (>60s)
    m5 d=8: R=0.765180873969 (0.005s)
    m4 d=8: R=0.765180873969 (0.001s)
    m3 d=8: R=0.765180873969 (0.063s)
    m2 d=8: TIMEOUT (>120s)
    m1 d=8: TIMEOUT (>30s)
    m0 d=8: TIMEOUT (>60s)
    m5 d=9: R=0.776652881985 (0.005s)
    m4 d=9: R=0.776652881985 (0.002s)
    m3 d=9: R=0.776652881985 (0.722s)
    m2 d=9: TIMEOUT (>120s)
    m1 d=9: TIMEOUT (>30s)
    m0 d=9: TIMEOUT (>60s)
    [6/9 groups, elapsed=76:01, avg=760.2s/group, ETA=38:01]
[7/9] IEEE-118-node_kao.txt s=86 t=111 d ∈ {9, 10, 11, 12}
    m5 d=9: R=0.387420489000 (0.002s)
    m4 d=9: R=0.387420489000 (0.000s)
    m3 d=9: R=0.387420489000 (22.339s)
    m2 d=9: TIMEOUT (>120s)
    m1 d=9: TIMEOUT (>30s)
    m0 d=9: TIMEOUT (>60s)
    m5 d=10: R=0.422288333010 (0.000s)
    m4 d=10: R=0.422288333010 (0.000s)
    m3 d=10: R=0.422288333010 (263.299s)
    m2 d=10: TIMEOUT (>120s)
    m1 d=10: TIMEOUT (>30s)
    m0 d=10: TIMEOUT (>60s)
    m5 d=11: R=0.594261307357 (0.029s)
    m4 d=11: R=0.594261307357 (0.001s)
    m3 d=11: TIMEOUT (>300s)
    m2 d=11: TIMEOUT (>120s)
    m1 d=11: TIMEOUT (>30s)
    m0 d=11: TIMEOUT (>60s)
    m5 d=12: R=0.660259359327 (2.510s)
    m4 d=12: R=0.660259359327 (0.025s)
    m3 d=12: TIMEOUT (>300s)
    m2 d=12: TIMEOUT (>120s)
    m1 d=12: TIMEOUT (>30s)
    m0 d=12: TIMEOUT (>60s)
    [7/9 groups, elapsed=104:50, avg=898.6s/group, ETA=29:57]
[8/9] Geant2009_kao.txt s=107 t=264 d ∈ {12, 13, 14, 15}
    m5 d=12: R=0.282429536481 (0.018s)
    m4 d=12: R=0.282429536481 (0.000s)
    m3 d=12: TIMEOUT (>300s)
    m2 d=12: TIMEOUT (>120s)
    m1 d=12: TIMEOUT (>30s)
    m0 d=12: TIMEOUT (>60s)
    m5 d=13: R=0.363032101897 (0.001s)
    m4 d=13: R=0.363032101897 (0.000s)
    m3 d=13: TIMEOUT (>300s)
    m2 d=13: TIMEOUT (>120s)
    m1 d=13: TIMEOUT (>30s)
    m0 d=13: TIMEOUT (>60s)
    m5 d=14: R=0.526329872069 (0.066s)
    m4 d=14: R=0.526329872069 (0.002s)
    m3 d=14: TIMEOUT (>300s)
    m2 d=14: TIMEOUT (>120s)
    m1 d=14: TIMEOUT (>30s)
    m0 d=14: TIMEOUT (>60s)
    m5 d=15: R=0.567518331299 (0.120s)
    m4 d=15: R=0.567518331299 (0.013s)
    m3 d=15: TIMEOUT (>300s)
    m2 d=15: TIMEOUT (>120s)
    m1 d=15: TIMEOUT (>30s)
    m0 d=15: TIMEOUT (>60s)
    [8/9 groups, elapsed=138:51, avg=1041.3s/group, ETA=17:21]
[9/9] UPS_of_Russia_composed_with_colored_cut_vertices_kao.txt s=4 t=62 d ∈ {17, 18, 19, 20}
    m5 d=17: R=0.204478924820 (0.001s)
    m4 d=17: R=0.204478924820 (0.386s)
    m3 d=17: TIMEOUT (>300s)
    m2 d=17: TIMEOUT (>120s)
    m1 d=17: TIMEOUT (>30s)
    m0 d=17: TIMEOUT (>60s)
    m5 d=18: TIMEOUT (>300s)
    m4 d=18: R=0.358658867702 (1.064s)
    m3 d=18: TIMEOUT (>300s)
    m2 d=18: TIMEOUT (>120s)
    m1 d=18: TIMEOUT (>30s)
    m0 d=18: TIMEOUT (>60s)
    m5 d=19: TIMEOUT (>300s)
    m4 d=19: R=0.407098601155 (72.278s)
    m3 d=19: TIMEOUT (>300s)
    m2 d=19: TIMEOUT (>120s)
    m1 d=19: TIMEOUT (>30s)
    m0 d=19: TIMEOUT (>60s)
    m5 d=20: TIMEOUT (>300s)
    m4 d=20: TIMEOUT (>300s)
    m3 d=20: TIMEOUT (>300s)
    m2 d=20: TIMEOUT (>120s)
    m1 d=20: TIMEOUT (>30s)
    m0 d=20: TIMEOUT (>60s)
    [9/9 groups, elapsed=194:07, avg=1294.1s/group, ETA=00:00]

Summary: total=210 OK=115 TIMEOUT=95 ERROR=0
No discrepancies > 0.0.
Cross-check results written to cross_check_v4.csv
All methods agree within tolerance.
