Cross-check: timeout=30s, output=cross_check_v5.csv, real_networks=yes, d_count=4, d_step=1
Cell plan (d_count=4, d_step=1):
  3_blocks_sausage_3x3_kao.txt s=0 t=28 dist=10 → d ∈ {10, 11, 12, 13}
  4_blocks_sausage_3x3_kao.txt s=0 t=38 dist=14 → d ∈ {14, 15, 16, 17}
  5_blocks_sausage_3x3_kao.txt s=0 t=48 dist=18 → d ∈ {18, 19, 20, 21}
  6_blocks_sausage_3x3_kao.txt s=0 t=58 dist=22 → d ∈ {22, 23, 24, 25}
  Geant2004_kao.txt s=11 t=95 dist=6 → d ∈ {6, 7, 8, 9}
  IEEE-118-node_kao.txt s=86 t=111 dist=9 → d ∈ {9, 10, 11, 12}
  Geant2009_kao.txt s=107 t=264 dist=12 → d ∈ {12, 13, 14, 15}
  UPS_of_Russia_composed_with_colored_cut_vertices_kao.txt s=4 t=62 dist=17 → d ∈ {17, 18, 19, 20}
Total cells: 32
Cross-check: 8 (graph,s,t) groups × 6 methods (m0,m1,m2,m3,m4,m5) (tiered timeouts m0=60 m1=30 m2=120 m3=300 m4=300 m5=300s)
Per-(graph,method,d) isolated calls; methods iterate in reverse (m5..m0) within each cell.
[1/8] 3_blocks_sausage_3x3_kao.txt s=0 t=28 d ∈ {10, 11, 12, 13}
    m5 d=10: R=0.509826181948 (0.000s)
    m4 d=10: R=0.509826181948 (0.000s)
    m3 d=10: R=0.509826181948 (0.617s)
    m2 d=10: R=0.509826181949 (0.186s)
    m1 d=10: R=0.509826181949 (3.713s)
    m0 d=10: TIMEOUT (>60s)
    m5 d=11: R=0.819793714074 (0.362s)
    m4 d=11: R=0.819793714074 (0.013s)
    m3 d=11: R=0.819793714074 (0.600s)
    m2 d=11: R=0.819793714075 (0.527s)
    m1 d=11: R=0.819793714075 (5.995s)
    m0 d=11: TIMEOUT (>60s)
    m5 d=12: R=0.934403607311 (0.510s)
    m4 d=12: R=0.934403607311 (0.794s)
    m3 d=12: R=0.934403607311 (0.700s)
    m2 d=12: R=0.934403607313 (0.863s)
    m1 d=12: R=0.934403607313 (9.411s)
    m0 d=12: TIMEOUT (>60s)
    m5 d=13: R=0.959339550847 (0.690s)
    m4 d=13: R=0.959339550847 (111.164s)
    m3 d=13: R=0.959339550847 (0.843s)
    m2 d=13: R=0.959339550849 (1.438s)
    m1 d=13: R=0.959339550849 (13.921s)
    m0 d=13: TIMEOUT (>60s)
    [1/8 groups, elapsed=06:32, avg=392.4s/group, ETA=45:47]
[2/8] 4_blocks_sausage_3x3_kao.txt s=0 t=38 d ∈ {14, 15, 16, 17}
    m5 d=14: R=0.489090483798 (0.000s)
    m4 d=14: R=0.489090483798 (0.001s)
    m3 d=14: R=0.489090483798 (1.571s)
    m2 d=14: R=0.489090483799 (0.514s)
    m1 d=14: R=0.489090483799 (28.234s)
    m0 d=14: TIMEOUT (>60s)
    m5 d=15: R=0.803143004289 (0.937s)
    m4 d=15: R=0.803143004289 (0.881s)
    m3 d=15: R=0.803143004289 (1.737s)
    m2 d=15: R=0.803143004292 (1.258s)
    m1 d=15: TIMEOUT (>30s)
    m0 d=15: TIMEOUT (>60s)
    m5 d=16: R=0.924565335478 (1.683s)
    m4 d=16: TIMEOUT (>300s)
    m3 d=16: R=0.924565335478 (1.840s)
    m2 d=16: R=0.924565335482 (2.235s)
    m1 d=16: TIMEOUT (>30s)
    m0 d=16: TIMEOUT (>60s)
    m5 d=17: R=0.953107508635 (1.440s)
    m4 d=17: TIMEOUT (>300s)
    m3 d=17: R=0.953107508635 (1.950s)
    m2 d=17: R=0.953107508640 (2.777s)
    m1 d=17: TIMEOUT (>30s)
    m0 d=17: TIMEOUT (>60s)
    [2/8 groups, elapsed=22:50, avg=684.8s/group, ETA=68:29]
[3/8] 5_blocks_sausage_3x3_kao.txt s=0 t=48 d ∈ {18, 19, 20, 21}
    m5 d=18: R=0.469198149901 (0.000s)
    m4 d=18: R=0.469198149901 (0.015s)
    m3 d=18: R=0.469198149901 (2.421s)
    m2 d=18: R=0.469198149903 (0.844s)
    m1 d=18: TIMEOUT (>30s)
    m0 d=18: TIMEOUT (>60s)
    m5 d=19: R=0.786490614460 (1.976s)
    m4 d=19: R=0.786490614460 (122.415s)
    m3 d=19: R=0.786490614460 (2.736s)
    m2 d=19: R=0.786490614464 (1.862s)
    m1 d=19: TIMEOUT (>30s)
    m0 d=19: TIMEOUT (>60s)
    m5 d=20: R=0.914528148193 (2.725s)
    m4 d=20: TIMEOUT (>300s)
    m3 d=20: R=0.914528148193 (3.207s)
    m2 d=20: R=0.914528148199 (3.767s)
    m1 d=20: TIMEOUT (>30s)
    m0 d=20: TIMEOUT (>60s)
    m5 d=21: R=0.946761009184 (2.661s)
    m4 d=21: TIMEOUT (>300s)
    m3 d=21: R=0.946761009184 (3.394s)
    m2 d=21: R=0.946761009191 (6.424s)
    m1 d=21: TIMEOUT (>30s)
    m0 d=21: TIMEOUT (>60s)
    [3/8 groups, elapsed=41:24, avg=828.1s/group, ETA=69:00]
[4/8] 6_blocks_sausage_3x3_kao.txt s=0 t=58 d ∈ {22, 23, 24, 25}
    m5 d=22: R=0.450114878870 (0.000s)
    m4 d=22: R=0.450114878870 (0.370s)
    m3 d=22: R=0.450114878870 (4.510s)
    m2 d=22: R=0.450114878872 (1.661s)
    m1 d=22: TIMEOUT (>30s)
    m0 d=22: TIMEOUT (>60s)
    m5 d=23: R=0.769864225173 (3.151s)
    m4 d=23: TIMEOUT (>300s)
    m3 d=23: R=0.769864225173 (5.609s)
    m2 d=23: R=0.769864225179 (3.043s)
    m1 d=23: TIMEOUT (>30s)
    m0 d=23: TIMEOUT (>60s)
    m5 d=24: R=0.904302273156 (9.287s)
    m4 d=24: TIMEOUT (>300s)
    m3 d=24: R=0.904302273156 (8.609s)
    m2 d=24: R=0.904302273165 (6.037s)
    m1 d=24: TIMEOUT (>30s)
    m0 d=24: TIMEOUT (>60s)
    m5 d=25: R=0.940298293689 (3.512s)
    m4 d=25: TIMEOUT (>300s)
    m3 d=25: R=0.940298293689 (11.397s)
    m2 d=25: R=0.940298293699 (12.841s)
    m1 d=25: TIMEOUT (>30s)
    m0 d=25: TIMEOUT (>60s)
    [4/8 groups, elapsed=63:35, avg=953.6s/group, ETA=63:35]
[5/8] Geant2004_kao.txt s=11 t=95 d ∈ {6, 7, 8, 9}
    m5 d=6: R=0.632414790000 (0.000s)
    m4 d=6: R=0.632414790000 (0.000s)
    m3 d=6: R=0.632414790000 (0.008s)
    m2 d=6: R=0.632414790008 (51.525s)
    m1 d=6: TIMEOUT (>30s)
    m0 d=6: TIMEOUT (>60s)
    m5 d=7: R=0.699064984718 (0.001s)
    m4 d=7: R=0.699064984718 (0.001s)
    m3 d=7: R=0.699064984718 (0.016s)
    m2 d=7: R=0.699064984731 (72.780s)
    m1 d=7: TIMEOUT (>30s)
    m0 d=7: TIMEOUT (>60s)
    m5 d=8: R=0.765180873969 (0.009s)
    m4 d=8: R=0.765180873969 (0.001s)
    m3 d=8: R=0.765180873969 (0.083s)
    m2 d=8: TIMEOUT (>120s)
    m1 d=8: TIMEOUT (>30s)
    m0 d=8: TIMEOUT (>60s)
    m5 d=9: R=0.776652881985 (0.003s)
    m4 d=9: R=0.776652881985 (0.001s)
    m3 d=9: R=0.776652881985 (1.135s)
    m2 d=9: TIMEOUT (>120s)
    m1 d=9: TIMEOUT (>30s)
    m0 d=9: TIMEOUT (>60s)
    [5/8 groups, elapsed=75:40, avg=908.1s/group, ETA=45:24]
[6/8] IEEE-118-node_kao.txt s=86 t=111 d ∈ {9, 10, 11, 12}
    m5 d=9: R=0.387420489000 (0.002s)
    m4 d=9: R=0.387420489000 (0.000s)
    m3 d=9: R=0.387420489000 (21.448s)
    m2 d=9: TIMEOUT (>120s)
    m1 d=9: TIMEOUT (>30s)
    m0 d=9: TIMEOUT (>60s)
    m5 d=10: R=0.422288333010 (0.000s)
    m4 d=10: R=0.422288333010 (0.000s)
    m3 d=10: R=0.422288333010 (109.139s)
    m2 d=10: TIMEOUT (>120s)
    m1 d=10: TIMEOUT (>30s)
    m0 d=10: TIMEOUT (>60s)
    m5 d=11: R=0.594261307357 (0.056s)
    m4 d=11: R=0.594261307357 (0.001s)
    m3 d=11: TIMEOUT (>300s)
    m2 d=11: TIMEOUT (>120s)
    m1 d=11: TIMEOUT (>30s)
    m0 d=11: TIMEOUT (>60s)
    m5 d=12: R=0.660259359327 (2.080s)
    m4 d=12: R=0.660259359327 (0.048s)
    m3 d=12: TIMEOUT (>300s)
    m2 d=12: TIMEOUT (>120s)
    m1 d=12: TIMEOUT (>30s)
    m0 d=12: TIMEOUT (>60s)
    [6/8 groups, elapsed=101:54, avg=1018.9s/group, ETA=33:58]
[7/8] Geant2009_kao.txt s=107 t=264 d ∈ {12, 13, 14, 15}
    m5 d=12: R=0.282429536481 (0.003s)
    m4 d=12: R=0.282429536481 (0.000s)
    m3 d=12: TIMEOUT (>300s)
    m2 d=12: TIMEOUT (>120s)
    m1 d=12: TIMEOUT (>30s)
    m0 d=12: TIMEOUT (>60s)
    m5 d=13: R=0.363032101897 (0.002s)
    m4 d=13: R=0.363032101897 (0.000s)
    m3 d=13: TIMEOUT (>300s)
    m2 d=13: TIMEOUT (>120s)
    m1 d=13: TIMEOUT (>30s)
    m0 d=13: TIMEOUT (>60s)
    m5 d=14: R=0.526329872069 (0.113s)
    m4 d=14: R=0.526329872069 (0.001s)
    m3 d=14: TIMEOUT (>300s)
    m2 d=14: TIMEOUT (>120s)
    m1 d=14: TIMEOUT (>30s)
    m0 d=14: TIMEOUT (>60s)
    m5 d=15: R=0.567518331299 (0.202s)
    m4 d=15: R=0.567518331299 (0.020s)
    m3 d=15: TIMEOUT (>300s)
    m2 d=15: TIMEOUT (>120s)
    m1 d=15: TIMEOUT (>30s)
    m0 d=15: TIMEOUT (>60s)
    [7/8 groups, elapsed=135:55, avg=1165.0s/group, ETA=19:25]
[8/8] UPS_of_Russia_composed_with_colored_cut_vertices_kao.txt s=4 t=62 d ∈ {17, 18, 19, 20}
    m5 d=17: R=0.204478924820 (0.001s)
    m4 d=17: R=0.204478924820 (0.550s)
    m3 d=17: TIMEOUT (>300s)
    m2 d=17: TIMEOUT (>120s)
    m1 d=17: TIMEOUT (>30s)
    m0 d=17: TIMEOUT (>60s)
    m5 d=18: TIMEOUT (>300s)
    m4 d=18: R=0.358658867702 (0.673s)
    m3 d=18: TIMEOUT (>300s)
    m2 d=18: TIMEOUT (>120s)
    m1 d=18: TIMEOUT (>30s)
    m0 d=18: TIMEOUT (>60s)
    m5 d=19: TIMEOUT (>300s)
    m4 d=19: R=0.407098601155 (55.601s)
    m3 d=19: TIMEOUT (>300s)
    m2 d=19: TIMEOUT (>120s)
    m1 d=19: TIMEOUT (>30s)
    m0 d=19: TIMEOUT (>60s)
    m5 d=20: TIMEOUT (>300s)
    m4 d=20: TIMEOUT (>300s)
    m3 d=20: TIMEOUT (>300s)
    m2 d=20: TIMEOUT (>120s)
    m1 d=20: TIMEOUT (>30s)
    m0 d=20: TIMEOUT (>60s)
    [8/8 groups, elapsed=190:57, avg=1432.1s/group, ETA=00:00]

Summary: total=192 OK=98 TIMEOUT=94 ERROR=0
No discrepancies > 0.0.
Cross-check results written to cross_check_v5.csv
All methods agree within tolerance.
